// Jest Snapshot v1, https://goo.gl/fbAQLP

exports[`trae -> put makes a PUT request to baseURL + path 1`] = `
Object {
  "Content-Type": "application/json",
}
`;

exports[`trae -> put makes a PUT request to baseURL + path 2`] = `
Object {
  "config": Object {
    "body": "{\\"foo\\":\\"bar\\"}",
    "headers": Object {
      "Content-Type": "application/json",
    },
    "method": "PUT",
    "put": Object {
      "headers": Object {
        "Content-Type": "application/json",
      },
    },
    "url": "http://localhost:8080/api/foo",
  },
  "data": Object {
    "foo": "bar",
  },
  "headers": Headers {
    "_headers": Object {
      "content-type": Array [
        "application/json",
      ],
    },
  },
  "status": 200,
  "statusText": "OK",
}
`;
